// Jest Snapshot v1, https://goo.gl/fbAQLP

exports[`member compiles 1`] = `
"export const foo = spam.shrub;
export const computed_member = item[\`bar spam\`];
export const computed_member2 = item[get_key(foo)];
export const reserved_prop = item.arguments;
export const js_safe_unicode = [item.π, item.ƒ];
export const js_unsfae = item[\\"foo-bar\\"];"
`;
