// Jest Snapshot v1, https://goo.gl/fbAQLP

exports[`module handles comments 1`] = `
"
rec >> exports_0:
  int 1234 >> foo_0:
    str 'foo' >> key_0:
      rec_s exports_0, key_0, foo_0 >> exports_1:
        lst >> drctvs_0:
          str '#!/usr/bin/env node' >> shbng_0:
            lst_a drctvs_0, shbng_0 >> drctvs_1:
              mod exports_1, drctvs_1 >> mod_0:"
`;

exports[`module handles exports 1`] = `
"
rec >> exports_0:
  fn args_0, ret_0:
    = true >> result_0:
      cc ret_0, result_0
  >> delete_0:
    str 'delete' >> key_0:
      rec_s exports_0, key_0, delete_0 >> exports_1:
        fn args_1, ret_1:
          = true >> result_1:
            cc ret_1, result_1
        >> π_0:
          str 'π' >> key_1:
            rec_s exports_1, key_1, π_0 >> exports_2:
              int 1234 >> foo_bar_0:
                str 'foo_bar' >> key_2:
                  rec_s exports_2, key_2, foo_bar_0 >> exports_3:
                    int 1234 >> foo-bar_0:
                      str 'foo-bar' >> key_3:
                        rec_s exports_3, key_3, foo-bar_0 >> exports_4:
                          lst >> drctvs_0:
                            mod exports_4, drctvs_0 >> mod_0:"
`;
