// Jest Snapshot v1, https://goo.gl/fbAQLP

exports[`binary compiles 1`] = `
"const math_precedence1_0 = -1 + 0 + 1 + 2 * (3 % 1);
const math_precedence2_0 = -1 + 0 + (1 + 2) * (3 / 2);
const multi_line_assign_0 = 123 + 234 + (-567 - 1111);
const group1_0 = (1 + 2) * 3;
const group2_0 = 34234 ** -34234 + 1;
export const math_precedence1 = math_precedence1_0,
      math_precedence2 = math_precedence2_0,
      multi_line_assign = multi_line_assign_0,
      group1 = group1_0,
      group2 = group2_0;"
`;

exports[`binary compiles as partial 1`] = `
"export const add = ˆpartial => a + ˆpartial;

ˆpartial => b + ˆpartial;

ˆpartial => -ˆpartial;"
`;
