// Jest Snapshot v1, https://goo.gl/fbAQLP

exports[`comparison compiles as partials 1`] = `
"ˆpartial => 1 === len(ˆpartial);

ˆpartial => ˆpartial !== 123;

ˆpartial => ˆpartial > 3;

ˆpartial => 1 < ˆpartial && ˆpartial <= 3;"
`;

exports[`comparison compiles combined 1`] = `
"const lt_0 = a < b && b < c;
const gt_0 = a > b && b > c;
const eq_0 = a === b && b === c;
const neq_0 = a !== b && b !== c;
const gteq_0 = a >= b && b >= c;
const lteq_0 = a <= b && b <= c;
export const lt = lt_0,
      gt = gt_0,
      eq = eq_0,
      neq = neq_0,
      gteq = gteq_0,
      lteq = lteq_0;"
`;

exports[`comparison compiles simple 1`] = `
"const lt_0 = a < b;
const gt_0 = a > b;
const eq_0 = a === b;
const neq_0 = a !== b;
const gteq_0 = a >= b;
const lteq_0 = a <= b;
export const lt = lt_0,
      gt = gt_0,
      eq = eq_0,
      neq = neq_0,
      gteq = gteq_0,
      lteq = lteq_0;"
`;
