// Jest Snapshot v1, https://goo.gl/fbAQLP

exports[`partial compiles assignment 1`] = `
"const foo1 = (ˆ1r) => a * ˆ1r + 1;

const foo2 = (ˆ1r) => bar(ˆ1r);

const foo3 = (ˆ1r) => ˆ1r.bar(spam);

const foo4 = (ˆ1r) => ˆ1r();

const foo5 = (ˆ1r) => ˆ1r(bar, spam);

Object.assign(module.exports, {
  foo1,
  foo2,
  foo3,
  foo4,
  foo5
});"
`;

exports[`partial compiles assignment 2`] = `
"const foo1 = (ˆ1r) => bar(ˆ1r);

const foo2 = (ˆ1r) => ˆ1r(bar, spam);

Object.assign(module.exports, {
  foo1,
  foo2
});"
`;

exports[`partial compiles assignment 3`] = `
"const foo1 = (ˆ1r) => [1, ...ˆ1r, 9];

const foo2 = (ˆ1r) => ({
  \\"foo\\": foo,
  ...ˆ1r
});

Object.assign(module.exports, {
  foo1,
  foo2
});"
`;
