// Jest Snapshot v1, https://goo.gl/fbAQLP

exports[`regex compiles escape char 1`] = `"export const regex = /.+\\\\/.+\\\\\\\\/;"`;

exports[`regex compiles multiline 1`] = `"export const regex = /(?<year>\\\\d{4})-(?<month>\\\\d{2})-(?<day>\\\\d{2})/gm;"`;

exports[`regex compiles single line 1`] = `"export const regex = /(?<year>\\\\d{4})-(?<month>\\\\d{2})-(?<day>\\\\d{2})/;"`;
