// Jest Snapshot v1, https://goo.gl/fbAQLP

exports[`string compiles escape chars 1`] = `
"export const str1 = \`foo\\\\\`bar\\\\nspam\\\\\`ni\`;
export const str2 = \`foo\\\\\`bar\`;
export const str3 = \`foo\\\\\\\\\`;"
`;

exports[`string compiles multiline 1`] = `
"export const str = \`line 1
line 2 with leading space
line 3\`;"
`;

exports[`string compiles multiline with expressions 1`] = `
"export const str = \`bar
spam \${shrub + ni}\${foo}
ni
\`;"
`;

exports[`string compiles simple 1`] = `"export const str = \`ab\`;"`;

exports[`string compiles tagged template string 1`] = `"export const str = foo\`bar \${ni(spam, shrub)} na\`;"`;
