// Jest Snapshot v1, https://goo.gl/fbAQLP

exports[`keywords transforms literals 1`] = `
"
rec >> exports_0:
  = false >> x_0:
    str 'x' >> key_0
      rec_s exports_0, key_0, x_0 >> exports_1:
        = true >> y_0:
          str 'y' >> key_1
            rec_s exports_1, key_1, y_0 >> exports_2:
              lst >> drctvs_0:
                mod exports_2, drctvs_0 >> mod_0:"
`;
