// Jest Snapshot v1, https://goo.gl/fbAQLP

exports[`numbers transforms floats 1`] = `
"
rec_e fn exports_0:
  float '1.234578', fn x_0:
    str 'x', fn key_0:
      rec_s exports_0, key_0, x_0, fn exports_1:
        float '1.23e45', fn y_0:
          str 'y', fn key_1:
            rec_s exports_1, key_1, y_0, fn exports_2:
              float '1.23e-45', fn z_0:
                str 'z', fn key_2:
                  rec_s exports_2, key_2, z_0, fn exports_3:
                    float '1.23e+45', fn a_0:
                      str 'a', fn key_3:
                        rec_s exports_3, key_3, a_0, fn exports_4:
                          lst_e fn drctvs_0:
                            mod exports_4, drctvs_0, fn mod_0:"
`;

exports[`numbers transforms hex, octet, binary 1`] = `
"
rec_e fn exports_0:
  int '0x123456789ABCDEF0', fn h_0:
    str 'h', fn key_0:
      rec_s exports_0, key_0, h_0, fn exports_1:
        int '0o12345670', fn o_0:
          str 'o', fn key_1:
            rec_s exports_1, key_1, o_0, fn exports_2:
              int '0b01010', fn b_0:
                str 'b', fn key_2:
                  rec_s exports_2, key_2, b_0, fn exports_3:
                    lst_e fn drctvs_0:
                      mod exports_3, drctvs_0, fn mod_0:"
`;

exports[`numbers transforms integers 1`] = `
"
rec_e fn exports_0:
  int '1234578', fn x_0:
    str 'x', fn key_0:
      rec_s exports_0, key_0, x_0, fn exports_1:
        int '0123', fn y_0:
          str 'y', fn key_1:
            rec_s exports_1, key_1, y_0, fn exports_2:
              int '123_456_789', fn z_0:
                str 'z', fn key_2:
                  rec_s exports_2, key_2, z_0, fn exports_3:
                    lst_e fn drctvs_0:
                      mod exports_3, drctvs_0, fn mod_0:"
`;

exports[`types infers int and float 1`] = `
"
rec_e fn exports_0(rec):
  int '1', fn a_0(int):
    str 'a', fn key_0(str):
      rec_s exports_0, key_0, a_0, fn exports_1(rec{a: int}):
        float '2.3', fn b_0(float):
          str 'b', fn key_1(str):
            rec_s exports_1, key_1, b_0, fn exports_2(rec{a: int, b: float}):
              int '0xff', fn c_0(int):
                str 'c', fn key_2(str):
                  rec_s exports_2, key_2, c_0, fn exports_3(rec{a: int, b: float, c: int}):
                    lst_e fn drctvs_0(tpl):
                      mod exports_3, drctvs_0, fn mod_0(mod):"
`;
