// Jest Snapshot v1, https://goo.gl/fbAQLP

exports[`regex compiles escape char 1`] = `
"
rec_e fn exports_0:
  id rx, fn tag_0:
    str '.+/\\\\#.+\\\\\\\\', fn str_0:
      strtt tag_0, str_0, fn regex_0:
        str 'regex', fn key_0:
          rec_s exports_0, key_0, regex_0, fn exports_1:
            lst_e fn drctvs_0:
              mod exports_1, drctvs_0, fn mod_0:"
`;

exports[`regex compiles multiline 1`] = `
"
rec_e fn exports_0:
  id rx, fn tag_0:
    str '(?<year>\\\\d{4})-    # year part of a date\\\\n(?<month>\\\\d{2})-   # month part of a date\\\\n(?<day>\\\\d{2})      # day part of a date\\\\n', fn str_0:
      strtt tag_0, str_0, fn regex_0:
        str 'regex', fn key_0:
          rec_s exports_0, key_0, regex_0, fn exports_1:
            lst_e fn drctvs_0:
              mod exports_1, drctvs_0, fn mod_0:"
`;

exports[`regex compiles single line 1`] = `
"
rec_e fn exports_0:
  id rx, fn tag_0:
    str '(?<year>\\\\d{4})-(?<month>\\\\d{2})-(?<day>\\\\d{2})', fn str_0:
      strtt tag_0, str_0, fn regex_0:
        str 'regex', fn key_0:
          rec_s exports_0, key_0, regex_0, fn exports_1:
            lst_e fn drctvs_0:
              mod exports_1, drctvs_0, fn mod_0:"
`;
