// Jest Snapshot v1, https://goo.gl/fbAQLP

exports[`list compiles 1`] = `
"const array1_0 = [];
const array2_0 = [1];
const array3_0 = [1, 2];
const array4_0 = [1,, 2];
const array5_0 = [a + 1 + 45 + b + c, [1, 2], (3 + 3) * 2];
export const array1 = array1_0,
      array2 = array2_0,
      array3 = array3_0,
      array4 = array4_0,
      array5 = array5_0;"
`;

exports[`list compiles as partial 1`] = `
"ˆpartial => [1, ...ˆpartial, 9];

ˆpartial => [ˆpartial, ˆpartial];"
`;

exports[`list compiles spread 1`] = `
"const bar_0 = [1, 2, ...b];
const spam_0 = [1, 2, ...b, 123];
export const foo = b,
      bar = bar_0,
      spam = spam_0;"
`;

exports[`list compiles spread 2`] = `
"const foo_0 = [1, 2, 3];
const bar_0 = [1, 2, 3, 4, 5, 6];
const spam_0 = [7];
const shrub_0 = [1, 2, 3, 4, 5, 6, 7];
const ni_0 = [...nu, na];
const ham_0 = [...nu, ...na];
export const foo = foo_0,
      bar = bar_0,
      spam = spam_0,
      shrub = shrub_0,
      ni = ni_0,
      ham = ham_0;"
`;

exports[`unpacking list destructures empty 1`] = `
"const out_0 = [foo[0], foo[2]];
export const out = out_0;"
`;

exports[`unpacking list destructures recs 1`] = `
"const drec_0 = ni[0];
const out_0 = [drec_0.a, drec_0.b, ni[1]];
export const out = out_0;"
`;

exports[`unpacking list destructures simple 1`] = `
"const item_3 = 1;
const item_2 = 2;
const foo_0 = [item_2, item_3];
const out_0 = [item_3, item_2, 3, foo_0, 1 + 2, item_2, item_3];
export const foo = foo_0,
      out = out_0;"
`;

exports[`unpacking list destructures spread 1`] = `
"const out_0 = [foo[0], [...foo.slice(1)].reverse()[0]];
export const out = out_0;"
`;

exports[`unpacking list destructures spread 2`] = `
"const rtail_0 = [...foo.slice(1)].reverse();
const out_0 = [foo[0], rtail_0[1], rtail_0[0]];
export const out = out_0;"
`;

exports[`unpacking list destructures spread 3`] = `
"const out_0 = [foo[0], ...foo.slice(1)];
export const out = out_0;"
`;

exports[`unpacking list destructures spread 4`] = `
"const rtail_0 = [...foo.slice(1)].reverse();
const out_0 = [foo[0], [...rtail_0.slice(1)].reverse(), rtail_0[0]];
export const out = out_0;"
`;

exports[`unpacking list destructures with defaults 1`] = `
"const hdm_0 = foo[0];
const hdm_1 = foo[1];
const out_0 = [undefined === hdm_0 ? 12 : hdm_0, undefined === hdm_1 ? 34 : hdm_1];
export const out = out_0;"
`;

exports[`unpacking list destructures with defaults 2`] = `
"const hdm_1 = foo[0];
const items_0 = undefined === hdm_1 ? [1, 2] : hdm_1;
const hdm_0 = items_0[1];
const hdm_2 = foo[1];
const out_0 = [items_0[0], undefined === hdm_0 ? 0 : hdm_0, undefined === hdm_2 ? 34 : hdm_2];
export const out = out_0;"
`;
