// Jest Snapshot v1, https://goo.gl/fbAQLP

exports[`numbers transforms floats 1`] = `
"export const x = 1.234578;
export const y = 1.23e+45;
export const z = 1.23e-45;
export const a = 1.23e+45;"
`;

exports[`numbers transforms hex, octet, binary 1`] = `
"export const h = 0x123456789ABCDEF0;
export const o = 0o12345670;
export const b = 0b01010;"
`;

exports[`numbers transforms integers 1`] = `
"export const x = 1234578;
export const y = 0123;
export const z = 123_456_789;"
`;
