// Jest Snapshot v1, https://goo.gl/fbAQLP

exports[`numbers transforms floats 1`] = `
"export const x = 1.234578,
      y = 1.23e+45,
      z = 1.23e-45,
      a = 1.23e+45;"
`;

exports[`numbers transforms hex, octet, binary 1`] = `
"export const h = 0x123456789ABCDEF0,
      o = 0o12345670,
      b = 0b01010;"
`;

exports[`numbers transforms integers 1`] = `
"export const x = 1234578,
      y = 0123,
      z = 123_456_789;"
`;
