// Jest Snapshot v1, https://goo.gl/fbAQLP

exports[`regex compiles escape char 1`] = `
"const regex_0 = rx\`.+/\\\\#.+\\\\\\\\\`;
export const regex = regex_0;"
`;

exports[`regex compiles multiline 1`] = `
"const regex_0 = rx\`(?<year>\\\\d{4})-    # year part of a date
(?<month>\\\\d{2})-   # month part of a date
(?<day>\\\\d{2})      # day part of a date
\`;
export const regex = regex_0;"
`;

exports[`regex compiles single line 1`] = `
"const regex_0 = rx\`(?<year>\\\\d{4})-(?<month>\\\\d{2})-(?<day>\\\\d{2})\`;
export const regex = regex_0;"
`;
