// Jest Snapshot v1, https://goo.gl/fbAQLP

exports[`filter compiles async 1`] = `
"import { _filter_ } from \\"@fink/js-interop/runtime.js\\";

_filter_((item) => item % 2 === 0, 1, true);"
`;

exports[`filter compiles with custom runtime 1`] = `
"import { _filter_ } from \\"./filter.js\\";

_filter_((item) => item % 2 === 0, 1, false);"
`;

exports[`filter compiles with custom runtime 2`] = `
"import { _filter_ } from \\"@fink/js-interop/runtime.js\\";

_filter_((item, cntr) => [item < 1 && cntr % 2 === 0, cntr + 1], 2, false, 0);"
`;

exports[`filter compiles with default runtime 1`] = `
"import { _filter_ } from \\"@fink/js-interop/runtime.js\\";

_filter_((item) => item % 2 === 0, 1, false);"
`;

exports[`filter compiles with default runtime 2`] = `
"import { _filter_ } from \\"@fink/js-interop/runtime.js\\";

_filter_((item, cntr) => [item < 1 && cntr % 2 === 0, cntr + 1], 2, false, 0);"
`;
