// Jest Snapshot v1, https://goo.gl/fbAQLP

exports[`fold compiles 1`] = `
"ˆitems_3 => {
  let ˆaccu_2 = 0;

  for (const ˆitem_1 of ˆitems_3) {
    const acc = ˆaccu_2;
    const item = ˆitem_1;
    const ni = item + acc;
    ˆaccu_2 = item * acc;
  }

  return ˆaccu_2;
};"
`;

exports[`fold destructuring accu 1`] = `
"ˆitems_3 => {
  let ˆaccu_2 = [];

  for (const ˆitem_1 of ˆitems_3) {
    const [foo, ...bar] = ˆaccu_2;
    const item = ˆitem_1;
    ˆaccu_2 = [item, bar, foo];
  }

  return ˆaccu_2;
};

ˆitems_7 => {
  let ˆaccu_5 = [];

  for (const ˆitem_4 of ˆitems_7) {
    let _do_result;

    {
      const [...ˆitems_6] = ˆaccu_5;
      _do_result = [ˆitems_6.slice(0, -1), ˆitems_6.slice(-1)];
    }
    const [foo, [bar]] = _do_result;
    _do_result = undefined;
    const item = ˆitem_4;
    ˆaccu_5 = [item, bar, foo];
  }

  return ˆaccu_5;
};"
`;

exports[`fold destructuring item 1`] = `
"ˆitems_3 => {
  let ˆaccu_2 = [];

  for (const ˆitem_1 of ˆitems_3) {
    const acc = ˆaccu_2;
    const [foo, ...bar] = ˆitem_1;
    ˆaccu_2 = [[foo, bar], ...acc];
  }

  return ˆaccu_2;
};

ˆitems_7 => {
  let ˆaccu_6 = [];

  for (const ˆitem_4 of ˆitems_7) {
    const acc = ˆaccu_6;

    let _do_result;

    {
      const [...ˆitems_5] = ˆitem_4;
      _do_result = [ˆitems_5.slice(0, -1), ˆitems_5.slice(-1)];
    }
    const [foo, [bar]] = _do_result;
    _do_result = undefined;
    ˆaccu_6 = [[foo, bar], ...acc];
  }

  return ˆaccu_6;
};"
`;
