// Jest Snapshot v1, https://goo.gl/fbAQLP

exports[`module handles comments 1`] = `
"#!/usr/bin/env node
// leading comment
// expr comment
export const foo = 1234;"
`;

exports[`module handles exports 1`] = `
"export const ˆdelete = () => true;
export const π = () => true;
export const foo_bar = 1234;
export const fooᜭbar = 1234;"
`;
