// Jest Snapshot v1, https://goo.gl/fbAQLP

exports[`module handles directives 1`] = `
"#!/usr/bin/env node
const foo_0 = 1234;
export const foo = foo_0;"
`;

exports[`module handles exports 1`] = `
"const delete_0 = () => {
  return true;
};

const π_0 = () => {
  return true;
};

const foo_bar_0 = 1234;
const fooᜭbar_0 = 1234;
const default_0 = 456;
export const ˆdelete = delete_0,
      π = π_0,
      foo_bar = foo_bar_0,
      fooᜭbar = fooᜭbar_0,
      ˆdefault = default_0;
export default default_0;"
`;

exports[`module handles exports 2`] = `
"const delete_0 = () => {
  return true;
};

const π_0 = () => {
  return true;
};

const foo_bar_0 = 1234;
const fooᜭbar_0 = 1234;
const default_0 = 456;
module.exports = default_0;
exports.ˆdelete = delete_0;
exports.π = π_0;
exports.foo_bar = foo_bar_0;
exports.fooᜭbar = fooᜭbar_0;
exports.ˆdefault = default_0;"
`;

exports[`module handles side effects 1`] = `
"const mex_0 = foo(bar);
const mex_1 = shrub.ni(foo);
export const spam = ni;"
`;
