// Jest Snapshot v1, https://goo.gl/fbAQLP

exports[`assignment compiles simple 1`] = `
"
rec_e fn exports_0:
  id bar, fn foo_0:
    str 'foo', fn key_0:
      rec_s exports_0, key_0, foo_0, fn exports_1:
        lst_e fn drctvs_0:
          mod exports_1, drctvs_0, fn mod_0:"
`;

exports[`assignment compiles with scopes 1`] = `
"
rec_e fn exports_0:
  int '123', fn foo_0:
    str 'foo', fn key_0:
      rec_s exports_0, key_0, foo_0, fn exports_1:
        id (fn args_0, ret_0: #fn
          lst_h args_0, fn foo_1:
            lst_t args_0, fn tail_0:
              id shrub, fn left_0:
                id foo_1, fn right_0:
                  add left_0, right_0, fn result_0:
                    cc ret_0, result_0
        ), fn ni_0:
          str 'ni', fn key_1:
            rec_s exports_1, key_1, ni_0, fn exports_2:
              lst_e fn drctvs_0:
                mod exports_2, drctvs_0, fn mod_0:"
`;
