// Jest Snapshot v1, https://goo.gl/fbAQLP

exports[`pipe compiles 1`] = `
"{
  let ˆpipe_result_1 = undefined;
  ˆpipe_result_1 = foo(ˆpipe_result_1);

  ˆpipe_result_1 = ((ˆ1r) => bar(ˆ1r, {
    \\"foo\\": foo,
    ...ˆ1r
  }))(ˆpipe_result_1);

  ˆpipe_result_1 = spam(ˆpipe_result_1);

  ˆpipe_result_1 = ((ˆ1r) => [...ˆ1r])(ˆpipe_result_1);
}
{
  let ˆpipe_result_2 = [1, 2, 3];

  ˆpipe_result_2 = function* map(ˆitems_4) {
    for (const ˆitem_3 of ˆitems_4) {
      const item = ˆitem_3;
      const ˆresult_5 = item * 2;
      yield ˆresult_5;
    }
  }(ˆpipe_result_2);
}"
`;

exports[`small pipe | handles precedence 1`] = `
"export const foo = (ˆ1r) => matches(rx\`[a-z]\`, ˆ1r)(\`foo\`);
export const bar = [ham(spam), ni(shrub)];"
`;

exports[`small pipe | pipes 1`] = `"export const foo = is_int(134);"`;
