// Jest Snapshot v1, https://goo.gl/fbAQLP

exports[`jsx compiles 1`] = `
"export const jsx1 = <a />;
export const jsx2 = <b></b>;
export const jsx3 = <a foo bar=\\"ni\\" />;
export const jsx4 = <a foo bar=\\"ni\\" />;
export const jsx5 = <a foo bar={1234} />;
export const jsx6 = <a>
    foo {ni}
    <b /> ham
    spam
    <c />
    ni
  </a>;"
`;
