// Jest Snapshot v1, https://goo.gl/fbAQLP

exports[`try compiles 1`] = `
"export const foo1 = () => {
  let _do_result;

  try {
    const bar = shrub();
    _do_result = [false, bar + ni()];
  } catch (ˆerror_1) {
    _do_result = [ˆerror_1];
  }

  const [err, item] = _do_result;
  _do_result = undefined;
  return [item, err];
};
export const foo2 = () => try {
  return [false, throw error(\`foobar\`)];
} catch (ˆerror_2) {
  return [ˆerror_2];
};"
`;
