// Jest Snapshot v1, https://goo.gl/fbAQLP

exports[`compiles await 1`] = `
"const task1 = async foo => -(await foo);

const task2 = async foo => await (foo + 4);

const task3 = async foo => {
  const bar = await foo();
  return bar + 123;
};

const a_gen = async function* unfold(curr = 0) {
  while (true) {
    let _do_result;

    if (spam) {
      _do_result = await ni(curr);
    } else {
      _do_result = curr + 1;
    }

    const $result1 = _do_result;
    _do_result = undefined;
    if ($result1 === stop) return;
    if ($result1 !== skip) yield $result1;
  }
}();

await ni;"
`;
