// Jest Snapshot v1, https://goo.gl/fbAQLP

exports[`compiles conditional 1`] = `
"let _do_result;

if (foo === true) {
  _do_result = spam;
} else if (shrub === 134) {
  _do_result = ni;
} else {
  _do_result = shrub;
}

const with_else = _do_result;
_do_result = undefined;

let _do_result2;

if (foo === true) {
  _do_result2 = spam;
} else if (shrub === 134) {
  _do_result2 = ni;
} else {
  _do_result2 = null;
}

const no_else = _do_result2;
_do_result2 = undefined;
{
  if (foo) {
    shrub;
  } else {
    null;
  }
}"
`;
