// Jest Snapshot v1, https://goo.gl/fbAQLP

exports[`compiles object 1`] = `
"const obj1 = {};
const obj2 = {
  \\"a\\": a
};
const obj3 = {
  \\"a\\": a,
  \\"delete\\": ˆdelete,
  \\"true\\": true,
  \\"false\\": false
};
const obj4 = {
  \\"a\\": a,
  \\"b\\": b,
  ...c
};
const obj5 = {
  \\"a\\": 1,
  \\"b\\": 123,
  [\`c-d-e\`]: cde
};
const obj6 = {
  \\"a\\": a = 123,
  \\"b\\": c = 456
};
const obj7 = {
  \\"a\\": 123,
  \\"b\\": 123 && 123 && 1345,
  \\"c\\": (a, b) => 134
};
const obj8 = {
  \\"a\\": 123,
  \\"b\\": 123 && 123 && 1345,
  \\"c\\": (a, b) => 134,
  \\"d\\": (() => {
    const n = a + 3;
    return foo(n);
  })()
};
Object.assign(module.exports, {
  obj1,
  obj2,
  obj3,
  obj4,
  obj5,
  obj6,
  obj7,
  obj8
});"
`;
