// Jest Snapshot v1, https://goo.gl/fbAQLP

exports[`compiles unfold 1`] = `
"(function* unfold(curr = start) {
  while (true) {
    const $result1 = curr + inc;
    if ($result1 === stop) return;
    if ($result1 !== skip) yield $result1;
    curr = curr * 2;
  }
})();

const count = (start = 0, inc = 1) => function* unfold(curr = start) {
  while (true) {
    const $result2 = curr + inc;
    if ($result2 === stop) return;
    if ($result2 !== skip) yield $result2;
  }
}();"
`;
