// Jest Snapshot v1, https://goo.gl/fbAQLP

exports[`compiles unfold 1`] = `
"(function* unfold(curr = start) {
  while (true) {
    const $result1 = curr + inc;
    yield $result1;
    curr = curr * 2;
  }
})();

const count = (start = 0, inc = 1) => function* unfold(curr = start) {
  while (true) {
    const $result2 = curr + inc;
    yield $result2;
    curr = $result2;
  }
}();"
`;
