// Jest Snapshot v1, https://goo.gl/fbAQLP

exports[`import imports default export 1`] = `"import foo from \\"./foo.js\\";"`;

exports[`import imports dynamically with static URL 1`] = `"export const ni = await import(\`./shrub.js\`);"`;

exports[`import imports exported values 1`] = `
"import { bar } from \\"./spam.js\\";
import { foo as spam } from \\"./shrub.js\\";
import { ˆ6q9, ˆdelete } from \\"./ni.js\\";"
`;

exports[`import imports module 1`] = `
"import \\"shrub\\";
import \\"@fink/foo/bar.js\\";"
`;

exports[`import imports with dynamic URLs 1`] = `
"export const foo = bar + spam;
export const shrub = await import(foo);
export const ni = await import(\`\${foo}\`);
export const na = await import(\`./\${foo}.js\`);"
`;

exports[`import imports without transforming ext 1`] = `
"//
import { is_str } from \\"@fink/std-lib/str.js\\";
import { bar } from \\"./spam.fnk\\";
const {
  foo: spam
} = await import(\`./shrub.fnk\`);
export const na = await import(\`./\${foo}.fnk\`);
import \\"./foo.fnk\\";
import ni from \\"../ni.fnk\\";"
`;
