// Jest Snapshot v1, https://goo.gl/fbAQLP

exports[`module handles comments 1`] = `
"#!/usr/bin/env node
// leading comment
// imp comment
import \\"shrub\\";
// imp comment 2
import foo from \\"./foo\\";
// imp comment 3
import { bar } from \\"./spam\\";
import { foo as spam } from \\"./shrub\\";
// expr comment
export const shrub = foo + bar;
export const ni = await import(spam);
// trailing comment"
`;
