// Jest Snapshot v1, https://goo.gl/fbAQLP

exports[`binary compiles nested 1`] = `
"
rec >> exports_0:
  = foo >> left_1:
    = bar >> right_0:
      * left_1, right_0 >> left_0:
        = ni >> right_1:
          + left_0, right_1 >> mex_0:
            lst >> drctvs_0:
              mod exports_0, drctvs_0 >> mod_0:"
`;

exports[`binary compiles precedence 1`] = `
"
rec >> exports_0:
  int 1 >> left_1:
    int 2 >> right_0:
      + left_1, right_0 >> left_0:
        = ni >> right_1:
          * left_0, right_1 >> r_0:
            str 'r' >> key_0
              rec_s exports_0, key_0, r_0 >> exports_1:
                lst >> drctvs_0:
                  mod exports_1, drctvs_0 >> mod_0:"
`;

exports[`binary compiles simple 1`] = `
"
rec >> exports_0:
  = foo >> left_0:
    = bar >> right_0:
      + left_0, right_0 >> r_0:
        str 'r' >> key_0
          rec_s exports_0, key_0, r_0 >> exports_1:
            lst >> drctvs_0:
              mod exports_1, drctvs_0 >> mod_0:"
`;

exports[`unary compiles nested 1`] = `
"
rec >> exports_0:
  = foo >> left_0:
    = bar >> right_1:
      - right_1 >> right_0:
        * left_0, right_0 >> mex_0:
          lst >> drctvs_0:
            mod exports_0, drctvs_0 >> mod_0:"
`;

exports[`unary compiles simple 1`] = `
"
rec >> exports_0:
  = foo >> right_0:
    - right_0 >> mex_0:
      lst >> drctvs_0:
        mod exports_0, drctvs_0 >> mod_0:"
`;
