// Jest Snapshot v1, https://goo.gl/fbAQLP

exports[`assignment compiles 1`] = `
"const multi_line_assign_0 = 123 + 234 + (-567 - 1111);
export const assign = 1,
      assign2 = 1,
      no_clash_with_await = 13,
      assign_lang_const1 = true,
      assign_lang_const2 = false,
      multi_line_assign = multi_line_assign_0,
      fooᜭbar = spam;"
`;
