// Jest Snapshot v1, https://goo.gl/fbAQLP

exports[`await compiles 1`] = `
"const task1_0 = async foo_0 => {
  return -(await foo_0);
};

const task2_0 = async foo_1 => {
  return await (foo_1 + 4);
};

const task3_0 = async foo_2 => {
  return bar + 123 + (await foo_2());
};

const a_gen_0 = unfold(async hdm_0 => {
  const curr_0 = undefined === hdm_0 ? 0 : hdm_0;

  /* istanbul ignore else */
  if (shrub === spam) {
    return await ni(curr_0);
  }

  return curr_0 + 1;
});
export const task1 = task1_0,
      task2 = task2_0,
      task3 = task3_0,
      a_gen = a_gen_0;"
`;
